[2026-01-23 11:31:27] SUCCESS: Security settings updated
[2026-01-23 11:32:19] SUCCESS: System caches
[2026-01-23 11:32:19] SUCCESS: System temp files
[2026-01-23 11:32:19] SUCCESS: System crash reports
[2026-01-23 11:32:19] SUCCESS: System logs
[2026-01-23 11:32:24] SUCCESS: Browser code signature caches (1 items)
[2026-01-23 11:32:24] SUCCESS: System diagnostic logs
[2026-01-23 11:32:24] SUCCESS: System diagnostic trace logs
[2026-01-25 22:10:46] SUCCESS: System caches
[2026-01-25 22:10:46] SUCCESS: System temp files
[2026-01-25 22:10:46] SUCCESS: System crash reports
[2026-01-25 22:10:47] SUCCESS: System logs
[2026-01-25 22:10:52] SUCCESS: Browser code signature caches (1 items)
[2026-01-25 22:10:52] SUCCESS: System diagnostic logs
[2026-01-25 22:10:52] SUCCESS: System diagnostic trace logs
[2026-01-26 20:03:43] SUCCESS: System caches
[2026-01-26 20:03:43] SUCCESS: System temp files
[2026-01-26 20:03:43] SUCCESS: System crash reports
[2026-01-26 20:03:43] SUCCESS: System logs
[2026-01-26 20:03:48] SUCCESS: Browser code signature caches (1 items)
[2026-01-26 20:03:48] SUCCESS: System diagnostic logs
[2026-01-26 20:03:48] SUCCESS: System diagnostic trace logs
[2026-01-29 00:26:09] SUCCESS: System caches
[2026-01-29 00:26:09] SUCCESS: System temp files
[2026-01-29 00:26:09] SUCCESS: System crash reports
[2026-01-29 00:26:09] SUCCESS: System logs
[2026-01-29 00:26:15] SUCCESS: System diagnostic logs
[2026-01-29 00:26:15] SUCCESS: System diagnostic trace logs
[2026-02-04 09:29:23] SUCCESS: System caches
[2026-02-04 09:29:23] SUCCESS: System temp files
[2026-02-04 09:29:23] SUCCESS: System crash reports
[2026-02-04 09:29:23] SUCCESS: System logs
[2026-02-04 09:29:28] SUCCESS: Browser code signature caches (1 items)
[2026-02-04 09:29:28] SUCCESS: System diagnostic logs
[2026-02-04 09:29:28] SUCCESS: System diagnostic trace logs
[2026-02-10 13:11:18] SUCCESS: System caches
[2026-02-10 13:11:19] SUCCESS: System temp files
[2026-02-10 13:11:19] SUCCESS: System crash reports
[2026-02-10 13:11:19] SUCCESS: System logs
[2026-02-10 13:11:24] SUCCESS: Browser code signature caches (1 items)
[2026-02-10 13:11:24] SUCCESS: System diagnostic logs
[2026-02-10 13:11:24] SUCCESS: System diagnostic trace logs
[2026-02-12 10:57:28] SUCCESS: System temp files
[2026-02-12 10:57:29] SUCCESS: System crash reports
[2026-02-12 10:57:29] SUCCESS: System logs
[2026-02-12 10:57:34] SUCCESS: Browser code signature caches, 1 items
[2026-02-12 10:57:35] SUCCESS: System diagnostic logs
[2026-02-12 10:57:35] SUCCESS: Power logs
[2026-02-12 10:57:35] SUCCESS: Memory exception reports
[2026-02-20 21:41:18] SUCCESS: System temp files
[2026-02-20 21:41:18] SUCCESS: System crash reports
[2026-02-20 21:41:18] SUCCESS: System logs
[2026-02-20 21:41:24] SUCCESS: Browser code signature caches, 1 items
[2026-02-20 21:41:24] SUCCESS: System diagnostic logs
[2026-02-20 21:41:24] SUCCESS: Power logs
[2026-02-20 21:41:24] SUCCESS: Memory exception reports
[2026-02-24 19:47:30] SUCCESS: System temp files
[2026-02-24 19:47:30] SUCCESS: System crash reports
[2026-02-24 19:47:30] SUCCESS: System logs
[2026-02-24 19:47:36] SUCCESS: Browser code signature caches, 1 items
[2026-02-24 19:47:36] SUCCESS: System diagnostic logs
[2026-02-24 19:47:36] SUCCESS: Power logs
[2026-02-24 19:47:36] SUCCESS: Memory exception reports
[2026-02-26 19:00:23] SUCCESS: System temp files
[2026-02-26 19:00:23] SUCCESS: System crash reports
[2026-02-26 19:00:24] SUCCESS: System logs
[2026-02-26 19:00:29] SUCCESS: Browser code signature caches, 1 items
[2026-02-26 19:00:29] SUCCESS: System diagnostic logs
[2026-02-26 19:00:29] SUCCESS: Power logs
[2026-02-26 19:00:29] SUCCESS: Memory exception reports
[2026-03-01 23:53:48] SUCCESS: System temp files
[2026-03-01 23:53:48] SUCCESS: System crash reports
[2026-03-01 23:53:48] SUCCESS: System logs
[2026-03-01 23:53:54] SUCCESS: Browser code signature caches, 1 items
[2026-03-01 23:53:56] SUCCESS: System diagnostic logs
[2026-03-01 23:53:56] SUCCESS: Power logs
[2026-03-01 23:53:56] SUCCESS: Memory exception reports
[2026-03-04 22:21:13] SUCCESS: System crash reports
[2026-03-04 22:21:14] SUCCESS: System logs
[2026-03-04 22:21:21] SUCCESS: System diagnostic logs
[2026-03-04 22:21:21] SUCCESS: Power logs
[2026-03-23 13:01:36] SUCCESS: System crash reports
[2026-03-23 13:01:36] SUCCESS: System logs
[2026-03-23 13:01:42] SUCCESS: Browser code signature caches, 1 items
[2026-03-23 13:01:44] SUCCESS: System diagnostic logs
[2026-03-23 13:01:44] SUCCESS: Power logs
[2026-03-28 16:47:27] SUCCESS: System crash reports
[2026-03-28 16:47:28] SUCCESS: System logs
[2026-03-28 16:47:34] SUCCESS: Browser code signature caches, 1 items
[2026-03-28 16:47:38] SUCCESS: System diagnostic logs
[2026-03-28 16:47:38] SUCCESS: Power logs
[2026-04-05 02:42:26] SUCCESS: System crash reports
[2026-04-05 02:42:27] SUCCESS: System logs
[2026-04-05 02:42:32] SUCCESS: Browser code signature caches, 1 items
[2026-04-05 02:42:33] SUCCESS: System diagnostic logs
[2026-04-05 02:42:33] SUCCESS: Power logs
[2026-04-08 22:03:54] SUCCESS: System crash reports
[2026-04-08 22:03:55] SUCCESS: System logs
[2026-04-08 22:04:00] SUCCESS: Browser code signature caches, 1 items
[2026-04-08 22:04:01] SUCCESS: System diagnostic logs
[2026-04-08 22:04:01] SUCCESS: Power logs
